[webinstan.link/kharites-beauty.html]
[backblue.gif]
[fade.gif]
[index.html]
[webinstan.link/uploads/galleries/1937899/a6aa54781b31334642f69e1782ad3e6b.jpg]
[webinstan.link/uploads/whitelabel/favicon/f3aae94c515eb8ba8f9562bd1c253312.png]
[webinstan.link/themes/altum/assets/css/bootstrap.min8cd5.css]
[webinstan.link/themes/altum/assets/css/custom8cd5.css]
[webinstan.link/themes/altum/assets/css/animate.min8cd5.css]
[webinstan.link/themes/altum/assets/css/link-custom8cd5.css]
[webinstan.link/themes/altum/assets/css/page-transition8cd5.css]
[webinstan.link/themes/altum/assets/css/floating-button8cd5.css]
[cdnjs.cloudflare.com/ajax/libs/bootstrap-select/1.13.18/css/bootstrap-select.min.css]
[cdnjs.cloudflare.com/ajax/libs/jquery-toast-plugin/1.3.2/jquery.toast.min.css]
[webinstan.link/themes/altum/assets/js/libraries/jquery.min8cd5.js]
[cdnjs.cloudflare.com/ajax/libs/modernizr/2.8.3/modernizr.min.js]
[webinstan.link/uploads/backgrounds/4a57545405df7552a14a0c739e1ec420.jpg]
[webinstan.link/uploads/avatars/69fcbf21552a585ac88b3057987b77e3.jpg]
[webinstan.link/uploads/galleries/1937899/3a2257582ff8faf43f425f28b3f27369.png]
[webinstan.link/uploads/galleries/1937888/f12d383c3ab62a647f6477d2de36839b.png]
[webinstan.link/uploads/galleries/1937673/f4b5818ea60613da1302ace1c20ae1b3.png]
[webinstan.link/uploads/galleries/1937899/e86231aa471b10b65f86b090ef36fbe6.jpg]
[webinstan.link/uploads/galleries/1937899/06c49a0a90d94921f22dcac44ba60984.png]
[webinstan.link/uploads/galleries/1937899/67601cee90ffd254b37d82ca1c4cffd7.png]
[webinstan.link/uploads/galleries/1937888/b7739b5c29f9e0500cef1bfcf0cc237e.png]
[webinstan.link/uploads/galleries/1937888/13979fbb0ee4bf3998582144ffb6ee1e.png]
[webinstan.link/uploads/galleries/1937888/1cc9633704f2cf89024f279b26c2635c.png]
[webinstan.link/uploads/galleries/1937888/ed98930818102422fdf70bc0f07079b3.png]
[webinstan.link/uploads/galleries/1937888/dc5b3d9b637c39f41bcdb9529e903409.png]
[unpkg.com/aos@2.3.1/dist/aos.css]
[unpkg.com/aos@2.3.1/dist/aos.js]
[webinstan.link/uploads/galleries/1937899/192ecb5882378ba8de88c027d12f49bd.png]
[webinstan.link/uploads/galleries/1937899/fc741842cff483bac359608e0e74358f.png]
[webinstan.link/uploads/galleries/1937899/fcf790dacfe8ea32202f8c8c7d1d2208.png]
[webinstan.link/uploads/galleries/1937899/255d72d19045e7dd22504710b7807e7c.png]
[webinstan.link/uploads/galleries/1937899/011bb50f387e2bfc10a5295fbf289627.png]
[webinstan.link/uploads/galleries/1937899/68eb8b16e3c445a5f9b0f063fe300626.png]
[webinstan.link/uploads/galleries/1937899/869103d261c40477ca6debaf808caaf7.png]
[webinstan.link/uploads/galleries/1937899/87c8de53be2edb769d1b569fd141a480.jpg]
[webinstan.link/uploads/galleries/1937899/2318fe599860135da977d7d2fb4d92c1.jpg]
[webinstan.link/uploads/galleries/1937899/e51e96a9fcfa2cce9dcfda2dbb32b177.jpg]
[webinstan.link/uploads/galleries/1937899/62fab61f5b77f9062c6d3e933ea3a776.jpg]
[webinstan.link/uploads/galleries/1937899/cf3016d2dad71eeea02c06c3ca38772c.jpg]
[webinstan.link/uploads/galleries/1937899/6bc5d64db96ede7a5e2a6d2120d68c78.jpg]
[webinstan.link/uploads/galleries/1937899/c6b03a5f6c67c3415102711f715b2816.jpg]
[webinstan.link/uploads/galleries/1937899/03807959a980ce1212ce34e8e2090099.jpg]
[webinstan.link/uploads/galleries/1937899/3c0fe5a9311046ab0befeec968595e9a.jpg]
[webinstan.link/uploads/galleries/1937899/0d93a8f5733edf0cdd0dc1f081ccfe2f.jpg]
[webinstan.link/uploads/galleries/1937899/30e36ae54541990dea3e37dcc82d6309.jpg]
[webinstan.link/uploads/galleries/1937899/7781a1b3ddaa9048b1fe4eef565fd4b1.jpg]
[webinstan.link/uploads/galleries/1937899/317e88cc1e9fe9eb721a0a4e7a93c024.jpg]
[webinstan.link/uploads/galleries/1937899/5ce1175093986fe871027733f3e2555e.jpg]
[webinstan.link/uploads/galleries/1895313/6612d1fa72e3b82962a1c847f20723a6.png]
[gifmania.com.br/wp-content/uploads/2021/10/check.gif]
[image.starbiolink.com/image/89XA0QKL2o.jpg]
[webinstan.link/Kharites Beauty]
[webinstan.link/themes/altum/assets/js/libraries/popper.min8cd5.js]
[webinstan.link/themes/altum/assets/js/libraries/bootstrap.min8cd5.js]
[webinstan.link/themes/altum/assets/js/libraries/jquery.validate.min8cd5.js]
[webinstan.link/themes/altum/assets/js/main8cd5.js]
[webinstan.link/themes/altum/assets/js/functions8cd5.js]
[webinstan.link/themes/altum/assets/js/libraries/fontawesome.min8cd5.js]
[cdnjs.cloudflare.com/ajax/libs/bootstrap-select/1.13.18/js/bootstrap-select.min.js]
[webinstan.link/themes/altum/assets/js/libraries/page-transition8cd5.js]
[cdnjs.cloudflare.com/ajax/libs/js-cookie/2.2.1/js.cookie.min.js]
[webinstan.link/kharites-beauty.html]
[webinstan.link/themes/altum/assets/css/bootstrap.min8cd5.css]
[cdnjs.cloudflare.com/ajax/libs/jquery-toast-plugin/1.3.2/jquery.toast.min.js]
[webinstan.link/themes/altum/assets/images/youtube-play.svg]
[webinstan.link/themes/altum/assets/css/custom8cd5.css]
[webinstan.link/themes/altum/assets/css/animate.min8cd5.css]
[webinstan.link/themes/altum/assets/css/link-custom8cd5.css]
[webinstan.link/themes/altum/assets/css/page-transition8cd5.css]
[webinstan.link/themes/altum/assets/css/floating-button8cd5.css]
[cdnjs.cloudflare.com/ajax/libs/bootstrap-select/1.13.18/css/bootstrap-select.min.css]
[cdnjs.cloudflare.com/ajax/libs/jquery-toast-plugin/1.3.2/jquery.toast.min.css]
[webinstan.link/uploads/galleries/1937673/f4b5818ea60613da1302ace1c20ae1b3.html]
[unpkg.com/aos@2.3.1/dist/aos.css]
[webinstan.link/Kharites Beauty.html]
[webinstan.link/themes/altum/assets/images/youtube-play.svg]
[webinstan.link/themes/altum/assets/images/blob.svg]
[webinstan.link/themes/altum/assets/images/blob.svg]
